==============================================
VERL Training on SLURM (Isambard-AI)
==============================================
Job ID:      2312302
Nodes:       1
GPUs/node:   4
Head node:   nid010809 (10.242.12.130)
Config:      /workspace/reward_seeker/rl/configs/slurm/sn.yaml
Container:   /projects/a6d/containers/verl.sif
PROJECTDIR:  /projects/a6d
==============================================
Starting Ray head on nid010809...
Waiting for Ray cluster to stabilize...
2026-02-13 14:20:49,707	INFO usage_lib.py:473 -- Usage stats collection is enabled by default without user confirmation because this terminal is detected to be non-interactive. To disable this, add `--disable-usage-stats` to the command that starts the cluster, or run the following command: `ray disable-usage-stats` before starting the cluster. See https://docs.ray.io/en/master/cluster/usage-stats.html for more details.
2026-02-13 14:20:49,707	INFO scripts.py:917 -- [37mLocal node IP[39m: [1m10.242.12.130[22m
2026-02-13 14:20:57,649	SUCC scripts.py:956 -- [32m--------------------[39m
2026-02-13 14:20:57,649	SUCC scripts.py:957 -- [32mRay runtime started.[39m
2026-02-13 14:20:57,649	SUCC scripts.py:958 -- [32m--------------------[39m
2026-02-13 14:20:57,649	INFO scripts.py:960 -- [36mNext steps[39m
2026-02-13 14:20:57,649	INFO scripts.py:963 -- To add another node to this Ray cluster, run
2026-02-13 14:20:57,649	INFO scripts.py:966 -- [1m  ray start --address='10.242.12.130:6379'[22m
2026-02-13 14:20:57,649	INFO scripts.py:975 -- To connect to this Ray cluster:
2026-02-13 14:20:57,649	INFO scripts.py:977 -- [35mimport[39m[26m ray
2026-02-13 14:20:57,649	INFO scripts.py:978 -- ray[35m.[39m[26minit(_node_ip_address[35m=[39m[26m[33m'10.242.12.130'[39m[26m)
2026-02-13 14:20:57,649	INFO scripts.py:990 -- To submit a Ray job using the Ray Jobs CLI:
2026-02-13 14:20:57,649	INFO scripts.py:991 -- [1m  RAY_API_SERVER_ADDRESS='http://10.242.12.130:8265' ray job submit --working-dir . -- python my_script.py[22m
2026-02-13 14:20:57,649	INFO scripts.py:1000 -- See https://docs.ray.io/en/latest/cluster/running-applications/job-submission/index.html 
2026-02-13 14:20:57,649	INFO scripts.py:1004 -- for more information on submitting Ray jobs to the Ray cluster.
2026-02-13 14:20:57,649	INFO scripts.py:1009 -- To terminate the Ray runtime, run
2026-02-13 14:20:57,649	INFO scripts.py:1010 -- [1m  ray stop[22m
2026-02-13 14:20:57,649	INFO scripts.py:1013 -- To view the status of the cluster, use
2026-02-13 14:20:57,650	INFO scripts.py:1014 --   [1mray status[22m[26m
2026-02-13 14:20:57,650	INFO scripts.py:1018 -- To monitor and debug Ray, view the dashboard at 
2026-02-13 14:20:57,650	INFO scripts.py:1019 --   [1m10.242.12.130:8265[22m[26m
2026-02-13 14:20:57,650	INFO scripts.py:1026 -- [4mIf connection to the dashboard fails, check your firewall settings and network configuration.[24m
2026-02-13 14:20:57,658	INFO scripts.py:1132 -- [36m[1m--block[22m[39m
2026-02-13 14:20:57,658	INFO scripts.py:1133 -- This command will now block forever until terminated by a signal.
2026-02-13 14:20:57,659	INFO scripts.py:1136 -- Running subprocesses are monitored and a message will be printed if any of them terminate unexpectedly. Subprocesses exit with SIGTERM will be treated as graceful, thus NOT reported.
2026-02-13 14:20:57,659	INFO scripts.py:1141 -- Process exit logs will be saved to: [1m/home/a6d/aghyad.a6d/tmp/ray/session_2026-02-13_14-20-49_713622_271601/logs/ray_process_exit.log[22m[26m
Launching verl training...
INFO 02-13 14:21:29 [__init__.py:241] Automatically detected platform cuda.
ERROR:2026-02-13 14:21:36,214:MSC config source not available
Traceback (most recent call last):
  File "/opt/venv/lib/python3.12/site-packages/multistorageclient/contrib/hydra.py", line 124, in available
    resolve_storage_client(self.base_url)
  File "/opt/venv/lib/python3.12/site-packages/multistorageclient/shortcuts.py", line 245, in resolve_storage_client
    config=StorageClientConfig.from_file(profile=profile, telemetry_provider=get_telemetry_provider())
           ^^^^^^^^^^^^^^^^^^^^^^^^^^^^^^^^^^^^^^^^^^^^^^^^^^^^^^^^^^^^^^^^^^^^^^^^^^^^^^^^^^^^^^^^^^^
  File "/opt/venv/lib/python3.12/site-packages/multistorageclient/config.py", line 1480, in from_file
    raise ValueError(
ValueError: Profile "" not found in configuration files. Configuration was checked in MSC config (not found) and Rclone config (not found). Please verify that the profile exists and that configuration files are correctly located.
/opt/venv/lib/python3.12/site-packages/hydra/_internal/config_loader_impl.py:216: UserWarning: provider=msc-universal, path= is not available.
  warnings.warn(
ERROR:2026-02-13 14:21:36,427:MSC config source not available
Traceback (most recent call last):
  File "/opt/venv/lib/python3.12/site-packages/multistorageclient/contrib/hydra.py", line 124, in available
    resolve_storage_client(self.base_url)
  File "/opt/venv/lib/python3.12/site-packages/multistorageclient/shortcuts.py", line 245, in resolve_storage_client
    config=StorageClientConfig.from_file(profile=profile, telemetry_provider=get_telemetry_provider())
           ^^^^^^^^^^^^^^^^^^^^^^^^^^^^^^^^^^^^^^^^^^^^^^^^^^^^^^^^^^^^^^^^^^^^^^^^^^^^^^^^^^^^^^^^^^^
  File "/opt/venv/lib/python3.12/site-packages/multistorageclient/config.py", line 1480, in from_file
    raise ValueError(
ValueError: Profile "" not found in configuration files. Configuration was checked in MSC config (not found) and Rclone config (not found). Please verify that the profile exists and that configuration files are correctly located.
ray init kwargs: {'num_cpus': None, 'runtime_env': {'env_vars': {'TOKENIZERS_PARALLELISM': 'true', 'VLLM_LOGGING_LEVEL': 'WARN', 'VLLM_ALLOW_RUNTIME_LORA_UPDATING': 'true', 'CUDA_DEVICE_MAX_CONNECTIONS': '1', 'NCCL_CUMEM_ENABLE': '0', 'VLLM_DISABLE_COMPILE_CACHE': '1', 'HCCL_HOST_SOCKET_PORT_RANGE': 'auto', 'HCCL_NPU_SOCKET_PORT_RANGE': 'auto'}, 'working_dir': None}}
2026-02-13 14:21:36,902	INFO worker.py:1821 -- Connecting to existing Ray cluster at address: 10.242.12.130:6379...
2026-02-13 14:21:37,000	INFO worker.py:1998 -- Connected to Ray cluster. View the dashboard at [1m[32mhttp://10.242.12.130:8265 [39m[22m
/opt/venv/lib/python3.12/site-packages/ray/_private/worker.py:2046: FutureWarning: Tip: In future versions of Ray, Ray will no longer override accelerator visible devices env var if num_gpus=0 or num_gpus=None (default). To enable this behavior and turn off this error message, set RAY_ACCEL_ENV_VAR_OVERRIDE_ON_ZERO=0
  warnings.warn(
Error executing job with overrides: ['trainer.n_gpus_per_node=4', 'trainer.nnodes=1']
Traceback (most recent call last):
  File "<frozen runpy>", line 198, in _run_module_as_main
  File "<frozen runpy>", line 88, in _run_code
  File "/workspace/reward_seeker/verl_with_logging/verl/trainer/main_ppo.py", line 459, in <module>
    main()
  File "/opt/venv/lib/python3.12/site-packages/hydra/main.py", line 94, in decorated_main
    _run_hydra(
  File "/opt/venv/lib/python3.12/site-packages/hydra/_internal/utils.py", line 394, in _run_hydra
    _run_app(
  File "/opt/venv/lib/python3.12/site-packages/hydra/_internal/utils.py", line 457, in _run_app
    run_and_report(
  File "/opt/venv/lib/python3.12/site-packages/hydra/_internal/utils.py", line 223, in run_and_report
    raise ex
  File "/opt/venv/lib/python3.12/site-packages/hydra/_internal/utils.py", line 220, in run_and_report
    return func()
           ^^^^^^
  File "/opt/venv/lib/python3.12/site-packages/hydra/_internal/utils.py", line 458, in <lambda>
    lambda: hydra.run(
            ^^^^^^^^^^
  File "/opt/venv/lib/python3.12/site-packages/hydra/_internal/hydra.py", line 132, in run
    _ = ret.return_value
        ^^^^^^^^^^^^^^^^
  File "/opt/venv/lib/python3.12/site-packages/hydra/core/utils.py", line 260, in return_value
    raise self._return_value
  File "/opt/venv/lib/python3.12/site-packages/hydra/core/utils.py", line 186, in run_job
    ret.return_value = task_function(task_cfg)
                       ^^^^^^^^^^^^^^^^^^^^^^^
  File "/workspace/reward_seeker/verl_with_logging/verl/trainer/main_ppo.py", line 45, in main
    run_ppo(config)
  File "/workspace/reward_seeker/verl_with_logging/verl/trainer/main_ppo.py", line 99, in run_ppo
    ray.get(runner.run.remote(config))
  File "/opt/venv/lib/python3.12/site-packages/ray/_private/auto_init_hook.py", line 22, in auto_init_wrapper
    return fn(*args, **kwargs)
           ^^^^^^^^^^^^^^^^^^^
  File "/opt/venv/lib/python3.12/site-packages/ray/_private/client_mode_hook.py", line 104, in wrapper
    return func(*args, **kwargs)
           ^^^^^^^^^^^^^^^^^^^^^
  File "/opt/venv/lib/python3.12/site-packages/ray/_private/worker.py", line 2967, in get
    values, debugger_breakpoint = worker.get_objects(
                                  ^^^^^^^^^^^^^^^^^^^
  File "/opt/venv/lib/python3.12/site-packages/ray/_private/worker.py", line 1017, in get_objects
    raise value
ray.exceptions.ActorDiedError: The actor died because of an error raised in its creation task, [36mray::TaskRunner.__init__()[39m (pid=6705, ip=10.242.12.130, actor_id=601f0e27b68b5c3430e76aef01000000, repr=<main_ppo.FunctionActorManager._create_fake_actor_class.<locals>.TemporaryActor object at 0x400306b10ec0>)
           ^^^^^^^^^^^^^^^^^^^^^^^^^^^^^^^^^^^^
RuntimeError: The actor with name TaskRunner failed to import on the worker. This may be because needed library dependencies are not installed in the worker environment:

[36mray::TaskRunner.__init__()[39m (pid=6705, ip=10.242.12.130, actor_id=601f0e27b68b5c3430e76aef01000000, repr=<main_ppo.FunctionActorManager._create_fake_actor_class.<locals>.TemporaryActor object at 0x400306b10ec0>)
                  ^^^^^^^^^^^^^^^^^^^^^^^^^^^
ModuleNotFoundError: No module named 'verl'
[36m(TemporaryActor pid=6705)[0m Exception raised in creation task: The actor died because of an error raised in its creation task, [36mray::TaskRunner.__init__()[39m (pid=6705, ip=10.242.12.130, actor_id=601f0e27b68b5c3430e76aef01000000, repr=<main_ppo.FunctionActorManager._create_fake_actor_class.<locals>.TemporaryActor object at 0x400306b10ec0>)
[36m(TemporaryActor pid=6705)[0m            ^^^^^^^^^^^^^^^^^^^^^^^^^^^^^^^^^^^^
[36m(TemporaryActor pid=6705)[0m RuntimeError: The actor with name TaskRunner failed to import on the worker. This may be because needed library dependencies are not installed in the worker environment:
[36m(TemporaryActor pid=6705)[0m 
[36m(TemporaryActor pid=6705)[0m [36mray::TaskRunner.__init__()[39m (pid=6705, ip=10.242.12.130, actor_id=601f0e27b68b5c3430e76aef01000000, repr=<main_ppo.FunctionActorManager._create_fake_actor_class.<locals>.TemporaryActor object at 0x400306b10ec0>)
[36m(TemporaryActor pid=6705)[0m                   ^^^^^^^^^^^^^^^^^^^^^^^^^^^
[36m(TemporaryActor pid=6705)[0m ModuleNotFoundError: No module named 'verl'
srun: error: nid010809: task 0: Exited with exit code 1
srun: Terminating StepId=2312302.2
