==============================================
VERL Training on SLURM (Isambard-AI)
==============================================
Job ID:      2311573
Nodes:       1
GPUs/node:   4
Head node:   nid010159 (10.242.19.209)
Config:      /workspace/reward_seeker/rl/configs/slurm/sn.yaml
Container:   /projects/a6d/containers/verl.sif
PROJECTDIR:  /projects/a6d
==============================================
Starting Ray head on nid010159...
Waiting for Ray cluster to stabilize...
Launching verl training...
WARNING: skipping mount of /home/a6d/aghyad.a6d/.cache/huggingface: stat /home/a6d/aghyad.a6d/.cache/huggingface: no such file or directory
WARNING: skipping mount of /home/a6d/aghyad.a6d/.netrc: stat /home/a6d/aghyad.a6d/.netrc: no such file or directory
INFO:    Terminating squashfuse_ll after timeout
INFO:    Timeouts can be caused by a running background process
FATAL:   container creation failed: mount hook function failure: mount /home/a6d/aghyad.a6d/.netrc->/home/a6d/aghyad.a6d/.netrc error: while mounting /home/a6d/aghyad.a6d/.netrc: mount source /home/a6d/aghyad.a6d/.netrc doesn't exist
srun: error: nid010159: task 0: Exited with exit code 255
srun: Terminating StepId=2311573.2
