==============================================
VERL Container Smoke Test
==============================================
--- GPU check ---

This container has been adapted to run MPI and NCCL applications on Isambard-AI.
Please go to the documentation for more information: https://docs.isambard.ac.uk/user-documentation/guides/containers/

Thu Feb 12 19:21:32 2026       
+-----------------------------------------------------------------------------------------+
| NVIDIA-SMI 565.57.01              Driver Version: 565.57.01      CUDA Version: 13.0     |
|-----------------------------------------+------------------------+----------------------+
| GPU  Name                 Persistence-M | Bus-Id          Disp.A | Volatile Uncorr. ECC |
| Fan  Temp   Perf          Pwr:Usage/Cap |           Memory-Usage | GPU-Util  Compute M. |
|                                         |                        |               MIG M. |
|=========================================+========================+======================|
|   0  NVIDIA GH200 120GB             On  |   00000009:01:00.0 Off |                    0 |
| N/A   36C    P0            117W /  900W |      20MiB /  97871MiB |      0%      Default |
|                                         |                        |             Disabled |
+-----------------------------------------+------------------------+----------------------+
|   1  NVIDIA GH200 120GB             On  |   00000019:01:00.0 Off |                    0 |
| N/A   34C    P0             90W /  900W |       5MiB /  97871MiB |      0%      Default |
|                                         |                        |             Disabled |
+-----------------------------------------+------------------------+----------------------+
|   2  NVIDIA GH200 120GB             On  |   00000029:01:00.0 Off |                    0 |
| N/A   34C    P0             92W /  900W |      12MiB /  97871MiB |      0%      Default |
|                                         |                        |             Disabled |
+-----------------------------------------+------------------------+----------------------+
|   3  NVIDIA GH200 120GB             On  |   00000039:01:00.0 Off |                    0 |
| N/A   34C    P0             94W /  900W |       6MiB /  97871MiB |      0%      Default |
|                                         |                        |             Disabled |
+-----------------------------------------+------------------------+----------------------+
                                                                                         
+-----------------------------------------------------------------------------------------+
| Processes:                                                                              |
|  GPU   GI   CI        PID   Type   Process name                              GPU Memory |
|        ID   ID                                                               Usage      |
|=========================================================================================|
|  No running processes found                                                             |
+-----------------------------------------------------------------------------------------+
--- Diagnostics: environment after adapt.sh ---

This container has been adapted to run MPI and NCCL applications on Isambard-AI.
Please go to the documentation for more information: https://docs.isambard.ac.uk/user-documentation/guides/containers/

LD_LIBRARY_PATH:
/usr/local/tensorrt/lib
/usr/local/cuda/compat/lib.real
/host/aws-ofi-nccl/lib
/host/nccl/lib
/usr/local/tensorrt/lib
/usr/local/cuda/compat/lib.real
/usr/local/tensorrt/lib
/usr/local/cuda/compat/lib.real
/usr/local/lib/python3.12/dist-packages/torch/lib
/usr/local/lib/python3.12/dist-packages/torch_tensorrt/lib
/usr/local/cuda/compat/lib
/usr/local/nvidia/lib
/usr/local/nvidia/lib64
/.singularity.d/libs
/host/openmpi/lib
/host/usr/lib64
/host/tools/brics/apps/linux-sles15-neoverse_v2/gcc-12.3.0/openmpi-4.1.7-gha3th46s7fr2ht3icsuhthmysvvlpgh/lib
/host/tools/brics/apps/linux-sles15-neoverse_v2/gcc-12.3.0/xz-5.4.6-yq66bbph6k3sssan6abspn5dbzhmhug5/lib
/host/opt/cray/libfabric/1.22.0/lib64
/host/tools/brics/apps/linux-sles15-neoverse_v2/gcc-12.3.0/zlib-ng-2.2.1-h3p5d5uycpj6undg2vr7uosoiovynj6w/lib
/host/tools/brics/apps/linux-sles15-neoverse_v2/gcc-12.3.0/gcc-runtime-12.3.0-5ay32z4cpplbr6wgb4clud5yst7kormk/lib
/host/tools/brics/apps/linux-sles15-neoverse_v2/gcc-12.3.0/hwloc-2.11.1-exva2bctb5orrxuniin42m422e4land7/lib
/host/tools/brics/apps/linux-sles15-neoverse_v2/gcc-12.3.0/libevent-2.1.12-tg7v5ywzz5wthjw5wmp4ajwkosv36bg7/lib
/host/tools/brics/apps/linux-sles15-neoverse_v2/gcc-12.3.0/libpciaccess-0.17-er6dkl6b6354ub6n6le3a5h44wjt6fjt/lib
/host/tools/brics/apps/linux-sles15-neoverse_v2/gcc-12.3.0/libxml2-2.13.4-gcnk5dndbce4wp6ep3rtv7azpwzx43pl/lib
/host/opt/nvidia/hpc_sdk/Linux_aarch64/24.11/cuda/12.6/lib64
/host/usr/lib64
/host/tools/brics/apps/linux-sles15-neoverse_v2/gcc-12.3.0/libiconv-1.17-vceyz4dnbly7sup6uu5pbsv6oiwe6epq/lib

Which python3:
/opt/venv/bin/python3

PyTorch location:
/usr/local/lib/python3.12/dist-packages/torch/__init__.py

torch CUDA libs:
/opt/venv/lib/python3.12/site-packages/nvidia/cu13/lib/libcudart.so.13
/opt/venv/lib/python3.12/site-packages/nvidia/cu13/lib/libcudart_static.a
/opt/venv/lib/python3.12/site-packages/nvidia/cu13/lib/libnvrtc-builtins.so.13.1
/opt/venv/lib/python3.12/site-packages/nvidia/cu13/lib/libnvrtc.so.13
/opt/venv/lib/python3.12/site-packages/nvidia_pytriton.libs/libcudart-a647c843.so.12.6.77

Host CUDA libs on LD_LIBRARY_PATH:
/usr/local/lib/python3.12/dist-packages/torch/lib/libtorch.so
/usr/local/lib/python3.12/dist-packages/torch/lib/libtorch_cpu.so
/usr/local/lib/python3.12/dist-packages/torch/lib/libtorch_global_deps.so
/usr/local/lib/python3.12/dist-packages/torch/lib/libtorch_python.so
/usr/local/lib/python3.12/dist-packages/torch_tensorrt/lib/libtorchtrt.so
/usr/local/lib/python3.12/dist-packages/torch_tensorrt/lib/libtorchtrt_plugins.so
/usr/local/lib/python3.12/dist-packages/torch_tensorrt/lib/libtorchtrt_runtime.so
/host/opt/nvidia/hpc_sdk/Linux_aarch64/24.11/cuda/12.6/lib64/libcudart.so
/host/opt/nvidia/hpc_sdk/Linux_aarch64/24.11/cuda/12.6/lib64/libcudart.so.12
/host/opt/nvidia/hpc_sdk/Linux_aarch64/24.11/cuda/12.6/lib64/libcudart.so.12.6.77
/host/opt/nvidia/hpc_sdk/Linux_aarch64/24.11/cuda/12.6/lib64/libcudart_static.a
