==============================================
VERL Training on SLURM (Isambard-AI)
==============================================
Job ID:      2312198
Nodes:       1
GPUs/node:   4
Head node:   nid010789 (10.242.4.97)
Config:      /workspace/reward_seeker/rl/configs/slurm/sn.yaml
Container:   /projects/a6d/containers/verl.sif
PROJECTDIR:  /projects/a6d
==============================================
Starting Ray head on nid010789...
Waiting for Ray cluster to stabilize...
2026-02-13 14:14:37,975	INFO usage_lib.py:473 -- Usage stats collection is enabled by default without user confirmation because this terminal is detected to be non-interactive. To disable this, add `--disable-usage-stats` to the command that starts the cluster, or run the following command: `ray disable-usage-stats` before starting the cluster. See https://docs.ray.io/en/master/cluster/usage-stats.html for more details.
2026-02-13 14:14:37,975	INFO scripts.py:917 -- [37mLocal node IP[39m: [1m10.242.4.97[22m
2026-02-13 14:14:45,976	SUCC scripts.py:956 -- [32m--------------------[39m
2026-02-13 14:14:45,976	SUCC scripts.py:957 -- [32mRay runtime started.[39m
2026-02-13 14:14:45,976	SUCC scripts.py:958 -- [32m--------------------[39m
2026-02-13 14:14:45,976	INFO scripts.py:960 -- [36mNext steps[39m
2026-02-13 14:14:45,976	INFO scripts.py:963 -- To add another node to this Ray cluster, run
2026-02-13 14:14:45,976	INFO scripts.py:966 -- [1m  ray start --address='10.242.4.97:6379'[22m
2026-02-13 14:14:45,976	INFO scripts.py:975 -- To connect to this Ray cluster:
2026-02-13 14:14:45,976	INFO scripts.py:977 -- [35mimport[39m[26m ray
2026-02-13 14:14:45,976	INFO scripts.py:978 -- ray[35m.[39m[26minit(_node_ip_address[35m=[39m[26m[33m'10.242.4.97'[39m[26m)
2026-02-13 14:14:45,976	INFO scripts.py:990 -- To submit a Ray job using the Ray Jobs CLI:
2026-02-13 14:14:45,976	INFO scripts.py:991 -- [1m  RAY_API_SERVER_ADDRESS='http://10.242.4.97:8265' ray job submit --working-dir . -- python my_script.py[22m
2026-02-13 14:14:45,976	INFO scripts.py:1000 -- See https://docs.ray.io/en/latest/cluster/running-applications/job-submission/index.html 
2026-02-13 14:14:45,976	INFO scripts.py:1004 -- for more information on submitting Ray jobs to the Ray cluster.
2026-02-13 14:14:45,976	INFO scripts.py:1009 -- To terminate the Ray runtime, run
2026-02-13 14:14:45,976	INFO scripts.py:1010 -- [1m  ray stop[22m
2026-02-13 14:14:45,976	INFO scripts.py:1013 -- To view the status of the cluster, use
2026-02-13 14:14:45,976	INFO scripts.py:1014 --   [1mray status[22m[26m
2026-02-13 14:14:45,976	INFO scripts.py:1018 -- To monitor and debug Ray, view the dashboard at 
2026-02-13 14:14:45,976	INFO scripts.py:1019 --   [1m10.242.4.97:8265[22m[26m
2026-02-13 14:14:45,976	INFO scripts.py:1026 -- [4mIf connection to the dashboard fails, check your firewall settings and network configuration.[24m
2026-02-13 14:14:45,984	INFO scripts.py:1132 -- [36m[1m--block[22m[39m
2026-02-13 14:14:45,984	INFO scripts.py:1133 -- This command will now block forever until terminated by a signal.
2026-02-13 14:14:45,984	INFO scripts.py:1136 -- Running subprocesses are monitored and a message will be printed if any of them terminate unexpectedly. Subprocesses exit with SIGTERM will be treated as graceful, thus NOT reported.
2026-02-13 14:14:45,984	INFO scripts.py:1141 -- Process exit logs will be saved to: [1m/home/a6d/aghyad.a6d/tmp/ray/session_2026-02-13_14-14-37_982022_121183/logs/ray_process_exit.log[22m[26m
Launching verl training...
INFO 02-13 14:15:18 [__init__.py:241] Automatically detected platform cuda.
ERROR:2026-02-13 14:15:24,535:MSC config source not available
Traceback (most recent call last):
  File "/opt/venv/lib/python3.12/site-packages/multistorageclient/contrib/hydra.py", line 124, in available
    resolve_storage_client(self.base_url)
  File "/opt/venv/lib/python3.12/site-packages/multistorageclient/shortcuts.py", line 245, in resolve_storage_client
    config=StorageClientConfig.from_file(profile=profile, telemetry_provider=get_telemetry_provider())
           ^^^^^^^^^^^^^^^^^^^^^^^^^^^^^^^^^^^^^^^^^^^^^^^^^^^^^^^^^^^^^^^^^^^^^^^^^^^^^^^^^^^^^^^^^^^
  File "/opt/venv/lib/python3.12/site-packages/multistorageclient/config.py", line 1480, in from_file
    raise ValueError(
ValueError: Profile "" not found in configuration files. Configuration was checked in MSC config (not found) and Rclone config (not found). Please verify that the profile exists and that configuration files are correctly located.
/opt/venv/lib/python3.12/site-packages/hydra/_internal/config_loader_impl.py:216: UserWarning: provider=msc-universal, path= is not available.
  warnings.warn(
ERROR:2026-02-13 14:15:24,736:MSC config source not available
Traceback (most recent call last):
  File "/opt/venv/lib/python3.12/site-packages/multistorageclient/contrib/hydra.py", line 124, in available
    resolve_storage_client(self.base_url)
  File "/opt/venv/lib/python3.12/site-packages/multistorageclient/shortcuts.py", line 245, in resolve_storage_client
    config=StorageClientConfig.from_file(profile=profile, telemetry_provider=get_telemetry_provider())
           ^^^^^^^^^^^^^^^^^^^^^^^^^^^^^^^^^^^^^^^^^^^^^^^^^^^^^^^^^^^^^^^^^^^^^^^^^^^^^^^^^^^^^^^^^^^
  File "/opt/venv/lib/python3.12/site-packages/multistorageclient/config.py", line 1480, in from_file
    raise ValueError(
ValueError: Profile "" not found in configuration files. Configuration was checked in MSC config (not found) and Rclone config (not found). Please verify that the profile exists and that configuration files are correctly located.
ray init kwargs: {'num_cpus': None, 'runtime_env': {'env_vars': {'TOKENIZERS_PARALLELISM': 'true', 'VLLM_LOGGING_LEVEL': 'WARN', 'VLLM_ALLOW_RUNTIME_LORA_UPDATING': 'true', 'CUDA_DEVICE_MAX_CONNECTIONS': '1', 'NCCL_CUMEM_ENABLE': '0', 'VLLM_DISABLE_COMPILE_CACHE': '1', 'HCCL_HOST_SOCKET_PORT_RANGE': 'auto', 'HCCL_NPU_SOCKET_PORT_RANGE': 'auto'}, 'working_dir': None}}
2026-02-13 14:15:25,185	INFO worker.py:1821 -- Connecting to existing Ray cluster at address: 10.242.4.97:6379...
2026-02-13 14:15:25,294	INFO worker.py:1998 -- Connected to Ray cluster. View the dashboard at [1m[32mhttp://10.242.4.97:8265 [39m[22m
srun: Job step aborted: Waiting up to 32 seconds for job step to finish.
slurmstepd: error: *** STEP 2312198.2 ON nid010789 CANCELLED AT 2026-02-13T22:19:42 ***
*** SIGTERM received at time=1771021182 on cpu 4 ***
PC: @     0x4002fe05e328  (unknown)  __recv
